// Jest Snapshot v1, https://goo.gl/fbAQLP

exports[`renders correctly 1`] = `
<RCTSafeAreaView
  emulateUnlessSupported={true}
>
  <RCTScrollView
    contentInsetAdjustmentBehavior="automatic"
  >
    <View>
      <View>
        <Text
          style={
            Object {
              "fontWeight": "700",
            }
          }
        >
          App.tsx
        </Text>
      </View>
    </View>
  </RCTScrollView>
</RCTSafeAreaView>
`;
